
Running Job 1 of 1 /project2/rxu13019_1548/amber/deepmd_shock/s000_t966000/core_8801_R5A/outputs/core_8801_R5A.input.in
qchem /project2/rxu13019_1548/amber/deepmd_shock/s000_t966000/core_8801_R5A/outputs/core_8801_R5A.input.in_544387.0 /scratch1/zimengji/qchem_6288674_uGqsp3/qc_saved/ 1
/apps/generic/qchem/7.0.0/openmp/exe/qcprog.exe_s /project2/rxu13019_1548/amber/deepmd_shock/s000_t966000/core_8801_R5A/outputs/core_8801_R5A.input.in_544387.0 /scratch1/zimengji/qchem_6288674_uGqsp3/qc_saved/
                  Welcome to Q-Chem
     A Quantum Leap Into The Future Of Chemistry


 Q-Chem 7.0, Q-Chem, Inc., Pleasanton, CA (2026)

 License issued to: University of Southern California (site)

 S. Adibnia,  B. Alam,  B. J. Albrecht,  A. Aldossary,  E. Alguire,  
 J. H. Andersen,  A. D. Andres,  J. E. Arias-Martinez,  A. Aspuru-Guzik,  
 V. Athavale,  K. Begam,  A. Behn,  A. T. Bell,  N. Bellonzi,  Y. A. Bernard,  
 E. J. Berquist,  N. A. Besley,  R. Bi,  N. Bogo,  C. Brandt,  K. Bravaya,  
 D. R. Broderick,  B. R. Brooks,  H. G. A. Burton,  S. Camps,  A. Carreras,  
 K. Carter-Fenk,  D. Casanova,  J.-D. Chai,  A. Chakraborty,  R. Chakraborty,  
 J. Chen,  M. Chen,  T. Chen,  A. D. Chien,  M. Chow,  K. D. Closser,  
 V. Cofer-Shabica,  M. P. Coons,  S. Coriani,  S. J. Cotton,  C. J. Cramer,  
 G. Cserey,  L. Cunha,  A. L. Dempwolff,  J. Deng,  A. E. DePrince III,  
 J. D. DiCenso,  J. Dickinson,  M. Diedenhofen,  H. Dinh,  
 R. A. DiStasio Jr.,  L. B. Dittmer,  H. Do,  W. Dou,  A. Dreuw,  S. Ehlert,  
 E. Epifanovsky,  P.-T. Fang,  S. Faraji,  S. Fatehi,  Q. Feng,  X. Feng,  
 A. Ferino-Pérez,  J. Fetherolf,  S. Folkestad,  A. Fonlon,  Fošević,  
 T. Friedhoff,  T. Froitzheim,  T. R. Furlani,  A. Ganeshram,  B. Ganoe,  
 T. Gao,  S. M. Garner,  A. T. B. Gilbert,  P. M. W. Gill,  M. Gimferrer,  
 G. Giudetti,  W. A. Goddard III,  M. Goldey,  J. Gomes,  R. Goudy,  M. Gray,  
 S. Grimme,  S. Gulania,  A. O. Gunina,  J. A. Gyamfi,  S. Hammes-Schiffer,  
 F. Hampe,  P. H. P. Harbach,  A. W. Hauser,  M. Head-Gordon,  
 T. Head-Gordon,  W. J. Hehre,  J. M. Herbert,  M. F. Herbst,  M. Hodecker,  
 Z. C. Holden,  S. Houck,  C. Hsu,  X. Huang,  K. Hui,  B. C. Huynh,  
 K. Ikeda,  M. Ivanov,  L. D. Jacobson,  T. Jagau,  S. Jana,  N. K. Jayadev,  
 H. Ji,  H. Jiang,  Y. Jiang,  Z. Jin,  Y. Jung,  Á. Jász,  B. Kaduk,  
 L. de Kam,  R. Kang,  K. Khistyaev,  J. Kim,  L. Kim,  G. Kis,  N. Kissing,  
 A. Klamt,  J. H. Koh,  E. Kolodzeiski,  J. Kong,  D. Kosenkov,  
 T. Kowalczyk,  C. M. Krauter,  A. I. Krylov,  K. Kue,  T. Kus,  J. Kussmann,  
 I. Ladjánszki,  D. S. Lambrecht,  A. Landau,  C. W. Lander,  A. W. Lange,  
 K. U. Lao,  H. Laqua,  K. V. Lawler,  J. Lee,  D. Lefrancois,  S. Lehtola,  
 J. Leitner,  D. S. Levine,  C. Li,  R. Li,  S. Li,  T. E. Li,  X. Li,  
 Y.-P. Li,  J. Liang,  H.-H. Lin,  Y.-S. Lin,  H. Ling,  F. Liu,  J. Liu,  
 K.-Y. Liu,  X. Liu,  A. Luenser,  C. Malbon,  A. Mandal,  A. Manjanath,  
 P. U. Manohar,  E. Mansoor,  S. F. Manzer,  S.-P. Mao,  Y. Mao,  
 N. Mardirossian,  A. V. Marenich,  T. Markovich,  F. Matz,  S. A. Maurer,  
 S. May,  L. McCaslin,  C. W. McCurdy,  A. McIsaac,  P. F. McLaughlin,  
 J.-M. Mewes,  S. A. Mewes,  R. E. Moorby,  S. Moradi,  J. Morgenstein,  
 M. Mostafanejad,  M. Mukherjee,  A. Muller,  C. J. Mundy,  K. D. Nanda,  
 M. G. Navas,  M. Neal,  J. B. Neaton,  T. Neudecker,  A. Ni,  C. Ochsenfeld,  
 A. K. Ojha,  Q. Ou,  E. Paenurk,  G. Paran,  J. A. Parkhill,  
 V. Parravicini,  R. L. Patterson,  S. K. Paul,  Z. Pei,  D. Picconi,  
 F. Plasser,  P. Pokhilko,  J. Pottecher,  S. Prager,  E. I. Proynov,  
 A. F. Pérez,  S. Quiton,  H. Ram,  E. Ramos-Cordoba,  B. Rana,  A. E. Rask,  
 V. A. Rassolov,  D. R. Rehn,  H. Ren,  A. Rettig,  R. M. Richard,  
 P. J. Robinson,  E. Rossomme,  S. Roy,  Á. Rák,  P. Salvador,  P. Samal,  
 T. Scheele,  P. E. Schneider,  T. K. Schramm,  N. Sergueev,  Y. Shao,  
 S. M. Sharada,  M. Sharma,  H. Shen,  Y. Shen,  A. Singh,  W. Skomorowski,  
 L. Slipchenko,  S. Smiga,  R. P. Steele,  C. J. Stein,  A. J. Sterling,  
 Y. Su,  Y.-C. Su,  J. E. Subotnik,  E. J. Sundstrom,  J. Talbot,  Z. Tao,  
 H.-H. Teh,  J. Thirman,  A. J. W. Thom,  C. Titeca,  N. V. Tkachenko,  
 A. Tkatchenko,  R. Tomann,  G. J. Tornai,  D. G. Truhlar,  H.-Y. Tsai,  
 T. Tsuchimochi,  N. M. Tubman,  C. Utku,  S. P. Veccham,  M. L. Vidal,  
 C. Villot,  T. V. Voorhis,  O. Vydrov,  E. Wang,  Z. Wang,  J. Wenzel,  
 T. A. Wesolowski,  K. B. Whaley,  A. F. White,  J. Witek,  J. Wong,  H. Wu,  
 A. Yamada,  C.-H. Yang,  K. Yao,  S. Yeganeh,  J. T. Yi,  S. R. Yost,  
 Q. Yu,  F. Zeller,  I. Y. Zhang,  J. Zhang,  X. Zhang,  Y. Zhang,  Z. Zhang,  
 C. Zhao,  T. Zhao,  Y. Zhu,  P. Zimmerman,  D. Zuev

 Additional authors since Version 6.4.0: 
 H. Aksu,  F. Ballesteros,  C. Chakravarty,  A. M. Clark,  Y. Kim,  
 Q. Nguyen,  X. Pan,  R. Stein,  J. A. Tan,  M. G. S. Weiss,  R. Weiss,  
 M. Wormit,  Y. Wu

 Contributors to earlier versions of Q-Chem not listed above: 
 R. D. Adamson,  B. Austin,  R. Baer,  J. Baker,  D. Barton,  G. J. O. Beran,  
 K. Brandhorst,  K. Bravaya,  S. T. Brown,  E. F. C. Byrd,  
 A. K. Chakraborty,  G. K. L. Chan,  C.-M. Chang,  Y. Chen,  C.-L. Cheng,  
 S. H. Chien,  D. M. Chipman,  D. L. Crittenden,  H. Dachsel,  S. Dasgupta,  
 R. J. Doerksen,  B. Dunietz,  A. D. Dutoi,  R. G. Edgar,  J. Fosso-Tande,  
 L. Fusti-Molnar,  Z. Gan,  J. Gayvert,  Q. Ge,  D. Ghosh,  A. Ghysels,  
 G. Gidofalvi,  A. Golubeva-Zadorozhnaya,  J. Gonthier,  
 C. E. González-Espinoza,  M. S. Gordon,  S. R. Gwaltney,  D. Hait,  
 M. Hanson-Heine,  G. Hawkins,  J. E. Herr,  A. Heyden,  S. Hirata,  
 E. G. Hohenstein,  P. Horn,  I. Kaliman,  G. Kedziora,  F. J. Keil,  
 C. Kelley,  R. Z. Khaliullin,  J. Kim,  R. A. King,  P. Klunzinger,  
 Z. Koczor-Benda,  P. P. Korambath,  S. Kotaru,  L. Koulias,  A. Kunitsa,  
 W. Kurlancheek,  J. Kussmann,  S. Kähler,  D. S. Lambrecht,  A. Laurent,  
 A. M. Lee,  M. S. Lee,  S. V. Levchenko,  X. Li,  W. Liang,  M. Liebenthal,  
 C. Y. Lin,  D. Liotard,  E. Livshits,  R. C. Lochan,  M. Loipersberger,  
 I. Lotan,  H. Ma,  L. A. Martinez-Martinez,  P. E. Maslen,  S. Mason,  
 N. J. Mayhall,  S. C. McKenzie,  M. F. S. J. Menger,  P. Morgante,  
 A. F. Morrison,  J. W. Mullinax,  N. Nair,  D. Neuhauser,  E. Neuscamman,  
 C. M. Oana,  R. Olivares-Amaya,  R. Olson,  D. P. O'Neill,  
 K. J. Oosterbaan,  K. Paice,  A. C. Paul,  T. M. Perrine,  B. Peters,  
 R. Peverati,  P. A. Pieniazek,  S. Prasad,  A. Prociuk,  Y. M. Rhee,  
 J. Ritchie,  F. Rob,  M. A. Rohrdanz,  E. Rosta,  N. J. Russ,  
 H. F. Schaefer III,  M. Scheurer,  M. W. Schmidt,  M. Schneider,  
 N. E. Schultz,  S. Sharma,  N. Shenvi,  C. D. Sherrill,  A. C. Simmonett,  
 D. W. Small,  A. Sodt,  T. Stein,  D. Stuck,  K. S. Thanthiriwatte,  
 V. Vanovschi,  M. H. Vera,  L. Vogt,  F. Wang,  T. Wang,  A. Warshel,  
 M. A. Watson,  M. de Wergifosse,  C. F. Williams,  J. Witte,  
 H. L. Woodcock III,  Q. Wu,  X. Xu,  J. Yang,  Z.-Q. You,  A. Zech,  
 W. Zhang,  Y. Zhao

   Please cite Q-Chem as follows:
  "Software for the frontiers of quantum chemistry:
   An overview of developments in the Q-Chem 5 package"
   J. Chem. Phys. 155, 084801 (2021)
   https://doi.org/10.1063/5.0055522 (open access)

 Q-Chem 7.0.0 for Intel X86 EM64T Linux

 Parts of Q-Chem use Armadillo 12.8.2 (Cortisol Injector).
 http://arma.sourceforge.net/

 Q-Chem begins on Tue Oct  6 10:25:16 2026  

 Host: 
0

 Scratch files written to /scratch1/zimengji/qchem_6288674_uGqsp3/qc_saved//
 Executable: /apps/generic/qchem/7.0.0/openmp/exe/qcprog.exe_s
 Number of threads = 128
 Jul1326 |scratch|qcdevops|jenkins|workspace|build_RNUM -1
 Processing $rem in /apps/generic/qchem/7.0.0/openmp/config/preferences:
 Processing $rem in /home1/zimengji/.qchemrc:
 User has disabled the standard nuclear orientation.  Turning symmetry off.

 Checking the input file for inconsistencies... 	...done.

--------------------------------------------------------------
User input:
--------------------------------------------------------------
$comment
C12H26 + 4 N2, 46 atoms; core component 8801, timestep 966000.
Local environment extracted with R = 5 angstrom.
All 46 coordinate rows retained in the supplied geometry.xyz order.
Rows 1-8: N atoms; rows 9-46: C12H26 atoms.
Single interacting, nonperiodic cluster; fixed-geometry energy and gradient.
Total charge 0, singlet specification (0 1), unrestricted orbitals.
$end

$molecule
0 1
N 1362.470000000000 59.602800000000 76.113100000000
N 1361.610000000000 60.008700000000 76.690500000000
N 1356.540000000000 65.096000000000 82.386600000000
N 1355.650000000000 65.722100000000 82.654200000000
N 1352.210000000000 63.787900000000 73.406400000000
N 1351.790000000000 64.730000000000 72.973900000000
N 1363.570000000000 66.574400000000 69.088300000000
N 1364.100000000000 65.893700000000 68.376100000000
C 1360.250000000000 63.604600000000 71.943900000000
C 1359.320000000000 62.486700000000 72.428600000000
H 1361.260000000000 63.299700000000 71.675200000000
H 1359.510000000000 64.203800000000 71.312400000000
H 1360.180000000000 64.355300000000 72.666400000000
C 1357.970000000000 62.546700000000 73.307500000000
H 1359.200000000000 61.807800000000 71.567000000000
H 1360.050000000000 62.015800000000 73.077500000000
C 1357.360000000000 63.934100000000 73.705500000000
H 1357.260000000000 61.797300000000 72.860500000000
H 1357.880000000000 61.815400000000 74.117200000000
C 1358.250000000000 64.854800000000 74.632000000000
H 1357.260000000000 64.399000000000 72.872900000000
H 1356.320000000000 63.823300000000 74.095600000000
C 1358.380000000000 66.067000000000 73.735900000000
H 1358.110000000000 64.429800000000 75.616100000000
H 1359.340000000000 64.344200000000 75.097400000000
C 1359.140000000000 67.388300000000 74.453200000000
H 1358.940000000000 65.995200000000 72.730900000000
H 1357.460000000000 66.424000000000 73.412600000000
C 1358.550000000000 68.069100000000 75.771300000000
H 1360.250000000000 67.501300000000 74.314100000000
H 1358.780000000000 68.224100000000 73.815500000000
C 1357.800000000000 69.417200000000 75.863600000000
H 1357.800000000000 67.382700000000 76.270600000000
H 1359.270000000000 68.190000000000 76.567700000000
C 1356.340000000000 69.179300000000 76.723200000000
H 1358.260000000000 70.342000000000 76.195200000000
H 1357.070000000000 69.485100000000 75.002600000000
C 1356.440000000000 69.736400000000 78.065100000000
H 1355.540000000000 69.841300000000 76.167400000000
H 1355.760000000000 68.299900000000 76.586500000000
C 1356.910000000000 69.065000000000 79.276600000000
H 1356.870000000000 70.664200000000 78.287000000000
H 1355.370000000000 69.742000000000 78.280200000000
H 1356.010000000000 68.659200000000 80.014900000000
H 1357.510000000000 68.035000000000 78.886500000000
H 1357.470000000000 69.851100000000 79.971100000000
$end

$rem
JOBTYPE             FORCE
METHOD              B3LYP
DFT_D               D3_BJ
BASIS               def2-TZVPD
UNRESTRICTED        TRUE

SNK                 1
SNK_PRINT_TIMING     1

SCF_ALGORITHM       DIIS_GDM
SCF_CONVERGENCE     8
MAX_SCF_CYCLES      300
THRESH              12

XC_GRID             000099000590
SYMMETRY            FALSE
SYM_IGNORE          TRUE
NO_REORIENT         TRUE

MEM_TOTAL           8000
$end
--------------------------------------------------------------
 Adding empirical dispersion correction 
 ----------------------------------------------------------------
 Doing -D3(BJ) with
 s6  =   1.00000
 s8  =   1.98890
 a1  =   0.39810
 a2  =   4.42110
 ----------------------------------------------------------------
 -D3 energy without 3-body term =     -0.0585433273 hartrees
 ----------------------------------------------------------------
             Standard Nuclear Orientation (Angstroms)
    I     Atom           X                Y                Z
 ----------------------------------------------------------------
    1      N    1362.4700000000    59.6028000000    76.1131000000
    2      N    1361.6100000000    60.0087000000    76.6905000000
    3      N    1356.5400000000    65.0960000000    82.3866000000
    4      N    1355.6500000000    65.7221000000    82.6542000000
    5      N    1352.2100000000    63.7879000000    73.4064000000
    6      N    1351.7900000000    64.7300000000    72.9739000000
    7      N    1363.5700000000    66.5744000000    69.0883000000
    8      N    1364.1000000000    65.8937000000    68.3761000000
    9      C    1360.2500000000    63.6046000000    71.9439000000
   10      C    1359.3200000000    62.4867000000    72.4286000000
   11      H    1361.2600000000    63.2997000000    71.6752000000
   12      H    1359.5100000000    64.2038000000    71.3124000000
   13      H    1360.1800000000    64.3553000000    72.6664000000
   14      C    1357.9700000000    62.5467000000    73.3075000000
   15      H    1359.2000000000    61.8078000000    71.5670000000
   16      H    1360.0500000000    62.0158000000    73.0775000000
   17      C    1357.3600000000    63.9341000000    73.7055000000
   18      H    1357.2600000000    61.7973000000    72.8605000000
   19      H    1357.8800000000    61.8154000000    74.1172000000
   20      C    1358.2500000000    64.8548000000    74.6320000000
   21      H    1357.2600000000    64.3990000000    72.8729000000
   22      H    1356.3200000000    63.8233000000    74.0956000000
   23      C    1358.3800000000    66.0670000000    73.7359000000
   24      H    1358.1100000000    64.4298000000    75.6161000000
   25      H    1359.3400000000    64.3442000000    75.0974000000
   26      C    1359.1400000000    67.3883000000    74.4532000000
   27      H    1358.9400000000    65.9952000000    72.7309000000
   28      H    1357.4600000000    66.4240000000    73.4126000000
   29      C    1358.5500000000    68.0691000000    75.7713000000
   30      H    1360.2500000000    67.5013000000    74.3141000000
   31      H    1358.7800000000    68.2241000000    73.8155000000
   32      C    1357.8000000000    69.4172000000    75.8636000000
   33      H    1357.8000000000    67.3827000000    76.2706000000
   34      H    1359.2700000000    68.1900000000    76.5677000000
   35      C    1356.3400000000    69.1793000000    76.7232000000
   36      H    1358.2600000000    70.3420000000    76.1952000000
   37      H    1357.0700000000    69.4851000000    75.0026000000
   38      C    1356.4400000000    69.7364000000    78.0651000000
   39      H    1355.5400000000    69.8413000000    76.1674000000
   40      H    1355.7600000000    68.2999000000    76.5865000000
   41      C    1356.9100000000    69.0650000000    79.2766000000
   42      H    1356.8700000000    70.6642000000    78.2870000000
   43      H    1355.3700000000    69.7420000000    78.2802000000
   44      H    1356.0100000000    68.6592000000    80.0149000000
   45      H    1357.5100000000    68.0350000000    78.8865000000
   46      H    1357.4700000000    69.8511000000    79.9711000000
 ----------------------------------------------------------------
 Nuclear Repulsion Energy =        1218.74686374 hartrees
 There are       77 alpha and       77 beta electrons
 Requested basis set is def2-TZVPD
 There are 390 shells and 974 basis functions

 Total QAlloc Memory Limit   8000 MB
 Mega-Array Size       188 MB
 MEM_STATIC part       192 MB

 A cutoff of  1.0D-12 yielded  45508 shell pairs
 There are    262838 function pairs (    321532 Cartesian)
 Start forming overlap matrix
 Smallest overlap matrix eigenvalue = 1.99E-06

 Scale SEOQF with 1.000000e-06/1.000000e-04/1.000000e-04

 Standard Electronic Orientation quadrupole field applied
 Nucleus-field energy     =     0.0000000555 hartrees
 Guess from superposition of atomic densities
 Warning:  Energy on first SCF cycle will be non-variational
 SAD guess density has 154.000000 electrons

 -----------------------------------------------------------------------
  General SCF calculation program by
  Eric Jon Sundstrom, Paul Horn, Yuezhi Mao, Dmitri Zuev, Alec White,
  David Stuck, Shaama M.S., Shane Yost, Joonho Lee, David Small,
  Daniel Levine, Susi Lehtola, Hugh Burton, Evgeny Epifanovsky,
  Bang C. Huynh
 -----------------------------------------------------------------------
 Exchange:     0.2000 Hartree-Fock + 0.0800 Slater + 0.7200 B88
 Correlation:  0.1900 VWN1RPA + 0.8100 LYP
 Using Euler-Maclaurin-Lebedev (99,590) quadrature formula
 Dispersion:   Grimme D3
 -------------------------------------------------------
 Seminumerical HF Exchange using 128 threads.
 Using Euler-Maclaurin-Lebedev (99,590) quadrature formula
 Using a target grid batch size of 128
 A threshold of 1.00e-14
 used for neglect of basis functions on the grid.
 A threshold of 1.00e-10
 used for screening contributions to exchange energy.
 A threshold of 1.00e-08
 used for screening contributions to exchange matrix.
 A multiplier of 1.00e+05
 applied to E/K thresholds for computing integrals in
 single-precision arithmetic.
 -------------------------------------------------------
 using 128 threads for integral computing
 -------------------------------------------------------
 OpenMP Integral computing Module                
 Release: version 1.0, May 2013, Q-Chem Inc. Pittsburgh 
 -------------------------------------------------------
 !!! WARNING: inf/nan detected in Seminumerical HF Exchange - disabling mixed precision, retrying !!!
 A unrestricted SCF calculation will be
 performed using DIIS, GDM
 SCF converges when RMS gradient is below 1.0e-08
 User-specified cutoff of 10e-12
 used for neglect of 2-electron integrals.
 A cutoff of 10e-12
 used for neglect of overlap integrals.
 Incremental Fock algorithm is on at the start.
 ---------------------------------------
  Cycle       Energy         DIIS error
 ---------------------------------------
 Time for SNK build: 1.4e+01 s
    1               -nan      7.49e-03  
    2    -910.7353199208      8.69e-04  Done DIIS. Switching to GDM
 ---------------------------------------
  Cycle       Energy        RMS Gradient
 ---------------------------------------
 Time for SNK build: 1.45e+01 s
    1    -910.7353199208      5.15e-02   Descent step
 Time for SNK build: 1.45e+01 s
    2    -911.0486433880      1.88e-02   Normal BFGS step
 Time for SNK build: 1.44e+01 s
    3    -911.1178868488      5.35e-03   Normal BFGS step
 Time for SNK build: 1.45e+01 s
    4    -911.1199735984      5.89e-03   Normal BFGS step
 Time for SNK build: 1.44e+01 s
    5    -911.1227031244      5.99e-03   Normal BFGS step
 Time for SNK build: 1.44e+01 s
    6    -911.1226888505      1.16e-02  Line search: overstep
 Time for SNK build: 1.44e+01 s
    7    -911.1229272603      2.69e-03   Normal BFGS step
 Time for SNK build: 1.44e+01 s
    8    -911.1228885654      6.09e-03  Line search: overstep
 Time for SNK build: 1.44e+01 s
    9    -911.1229656623      9.44e-04   Normal BFGS step
 Time for SNK build: 1.44e+01 s
   10    -911.1229692914      6.14e-04   Normal BFGS step
 Time for SNK build: 1.43e+01 s
   11    -911.1229721343      1.17e-04   Normal BFGS step
 Time for SNK build: 1.44e+01 s
   12    -911.1229723324      2.33e-04   Normal BFGS step
 Time for SNK build: 1.43e+01 s
   13    -911.1229724706      2.14e-04   Normal BFGS step
 Time for SNK build: 1.43e+01 s
   14    -911.1229724468      1.47e-04   Normal BFGS step
 Time for SNK build: 1.44e+01 s
   15    -911.1229725346      5.09e-06   Normal BFGS step
 Time for SNK build: 1.44e+01 s
   16    -911.1229725347      9.58e-06   Normal BFGS step
 Time for SNK build: 1.44e+01 s
   17    -911.1229725364      6.65e-06   Normal BFGS step
 Time for SNK build: 1.43e+01 s
   18    -911.1229725357      1.36e-05   Normal BFGS step
 Time for SNK build: 1.43e+01 s
   19    -911.1229725360      1.50e-06   Normal BFGS step
 Time for SNK build: 1.43e+01 s
   20    -911.1229725362      5.09e-07   Normal BFGS step
 Time for SNK build: 1.43e+01 s
   21    -911.1229725378      4.96e-08   Normal BFGS step
 Time for SNK build: 1.44e+01 s
   22    -911.1229725394      6.32e-08   Normal BFGS step
 Time for SNK build: 1.44e+01 s
   23    -911.1229725432      2.12e-08   Normal BFGS step
 Time for SNK build: 1.44e+01 s
   24    -911.1229725454      5.24e-08   Normal BFGS step
 Time for SNK build: 1.43e+01 s
   25    -911.1229725489      6.18e-08   Normal BFGS step
 Time for SNK build: 1.43e+01 s
   26    -911.1229725519      2.54e-08   Normal BFGS step
  GDM::WARNING energy changes are now smaller than effective accuracy.
  GDM::        calculation will continue, but THRESH should be increased
  GDM::        or SCF_CONVERGENCE decreased. 
  GDM::        effective_thresh = 3.55e-08
 Time for SNK build: 1.43e+01 s
   27    -911.1229725491      3.95e-08   Normal BFGS step
  GDM::WARNING energy changes are now smaller than effective accuracy.
  GDM::        calculation will continue, but THRESH should be increased
  GDM::        or SCF_CONVERGENCE decreased. 
  GDM::        effective_thresh = 3.55e-08
 Time for SNK build: 1.43e+01 s
   28    -911.1229725471      8.20e-08   Normal BFGS step
 Time for SNK build: 1.43e+01 s
   29    -911.1229725493      1.85e-08   Normal BFGS step
 Time for SNK build: 1.43e+01 s
   30    -911.1229725529      1.90e-08   Normal BFGS step
 Time for SNK build: 1.43e+01 s
   31    -911.1229725566      2.31e-08   Normal BFGS step
  GDM::WARNING energy changes are now smaller than effective accuracy.
  GDM::        calculation will continue, but THRESH should be increased
  GDM::        or SCF_CONVERGENCE decreased. 
  GDM::        effective_thresh = 3.55e-08
 Time for SNK build: 1.44e+01 s
   32    -911.1229725366      8.44e-08   Normal BFGS step
  GDM::WARNING energy changes are now smaller than effective accuracy.
  GDM::        calculation will continue, but THRESH should be increased
  GDM::        or SCF_CONVERGENCE decreased. 
  GDM::        effective_thresh = 3.55e-08
 Time for SNK build: 1.43e+01 s
   33    -911.1229725338      6.62e-08   Normal BFGS step
  GDM::WARNING energy changes are now smaller than effective accuracy.
  GDM::        calculation will continue, but THRESH should be increased
  GDM::        or SCF_CONVERGENCE decreased. 
  GDM::        effective_thresh = 3.55e-08
 Time for SNK build: 1.43e+01 s
   34    -911.1229725317      8.42e-08   Normal BFGS step
 Time for SNK build: 1.44e+01 s
   35    -911.1229725341      5.36e-08   Normal BFGS step
 Time for SNK build: 1.44e+01 s
   36    -911.1229725381      1.55e-07   Normal BFGS step
 Time for SNK build: 1.44e+01 s
   37    -911.1229725412      1.17e-07   Normal BFGS step
 Time for SNK build: 1.43e+01 s
   38    -911.1229725432      5.74e-08   Normal BFGS step
 Time for SNK build: 1.43e+01 s
   39    -911.1229725468      2.92e-08   Normal BFGS step
 Time for SNK build: 1.44e+01 s
   40    -911.1229725483      7.92e-08   Normal BFGS step
  GDM::WARNING energy changes are now smaller than effective accuracy.
  GDM::        calculation will continue, but THRESH should be increased
  GDM::        or SCF_CONVERGENCE decreased. 
  GDM::        effective_thresh = 3.55e-08
 Time for SNK build: 1.43e+01 s
   41    -911.1229725466      2.55e-08   Normal BFGS step
  GDM::WARNING energy changes are now smaller than effective accuracy.
  GDM::        calculation will continue, but THRESH should be increased
  GDM::        or SCF_CONVERGENCE decreased. 
  GDM::        effective_thresh = 3.55e-08
 Time for SNK build: 1.44e+01 s
   42    -911.1229725453      3.57e-08   Normal BFGS step
 Time for SNK build: 1.44e+01 s
   43    -911.1229725463      1.09e-08   Normal BFGS step
 Time for SNK build: 1.44e+01 s
   44    -911.1229725474      4.55e-08   Normal BFGS step
 Time for SNK build: 1.44e+01 s
   45    -911.1229725484      1.29e-08   Normal BFGS step
 Time for SNK build: 1.43e+01 s
   46    -911.1229725504      9.14e-08   Normal BFGS step
  GDM::WARNING energy changes are now smaller than effective accuracy.
  GDM::        calculation will continue, but THRESH should be increased
  GDM::        or SCF_CONVERGENCE decreased. 
  GDM::        effective_thresh = 3.55e-08
 Time for SNK build: 1.44e+01 s
   47    -911.1229725503      1.64e-08   Normal BFGS step
  GDM::WARNING energy changes are now smaller than effective accuracy.
  GDM::        calculation will continue, but THRESH should be increased
  GDM::        or SCF_CONVERGENCE decreased. 
  GDM::        effective_thresh = 3.55e-08
 Time for SNK build: 1.43e+01 s
   48    -911.1229725366      4.70e-08   Normal BFGS step
  GDM::WARNING energy changes are now smaller than effective accuracy.
  GDM::        calculation will continue, but THRESH should be increased
  GDM::        or SCF_CONVERGENCE decreased. 
  GDM::        effective_thresh = 3.55e-08
 Time for SNK build: 1.43e+01 s
   49    -911.1229725360      6.06e-08   Normal BFGS step
 Time for SNK build: 1.44e+01 s
   50    -911.1229725360      3.38e-08   Normal BFGS step
  GDM::WARNING energy changes are now smaller than effective accuracy.
  GDM::        calculation will continue, but THRESH should be increased
  GDM::        or SCF_CONVERGENCE decreased. 
  GDM::        effective_thresh = 3.55e-08
 Time for SNK build: 1.43e+01 s
   51    -911.1229725347      7.77e-08   Normal BFGS step
  GDM::WARNING energy changes are now smaller than effective accuracy.
  GDM::        calculation will continue, but THRESH should be increased
  GDM::        or SCF_CONVERGENCE decreased. 
  GDM::        effective_thresh = 3.55e-08
 Time for SNK build: 1.43e+01 s
   52    -911.1229725327      1.37e-07   Normal BFGS step
  GDM::WARNING energy changes are now smaller than effective accuracy.
  GDM::        calculation will continue, but THRESH should be increased
  GDM::        or SCF_CONVERGENCE decreased. 
  GDM::        effective_thresh = 3.55e-08
 Time for SNK build: 1.44e+01 s
   53    -911.1229725301      5.78e-08   Normal BFGS step
  GDM::WARNING energy changes are now smaller than effective accuracy.
  GDM::        calculation will continue, but THRESH should be increased
  GDM::        or SCF_CONVERGENCE decreased. 
  GDM::        effective_thresh = 3.55e-08
 Time for SNK build: 1.44e+01 s
   54    -911.1229725273      1.00e-07   Normal BFGS step
  GDM::WARNING energy changes are now smaller than effective accuracy.
  GDM::        calculation will continue, but THRESH should be increased
  GDM::        or SCF_CONVERGENCE decreased. 
  GDM::        effective_thresh = 3.55e-08
 Time for SNK build: 1.44e+01 s
   55    -911.1229725242      6.86e-08   Normal BFGS step
  GDM::WARNING energy changes are now smaller than effective accuracy.
  GDM::        calculation will continue, but THRESH should be increased
  GDM::        or SCF_CONVERGENCE decreased. 
  GDM::        effective_thresh = 3.55e-08
 Time for SNK build: 1.43e+01 s
   56    -911.1229725216      5.83e-08   Normal BFGS step
  GDM::WARNING energy changes are now smaller than effective accuracy.
  GDM::        calculation will continue, but THRESH should be increased
  GDM::        or SCF_CONVERGENCE decreased. 
  GDM::        effective_thresh = 3.55e-08
 Time for SNK build: 1.43e+01 s
   57    -911.1229725198      4.20e-08   Normal BFGS step
  GDM::WARNING energy changes are now smaller than effective accuracy.
  GDM::        calculation will continue, but THRESH should be increased
  GDM::        or SCF_CONVERGENCE decreased. 
  GDM::        effective_thresh = 3.55e-08
 Time for SNK build: 1.44e+01 s
   58    -911.1229725181      2.33e-08   Normal BFGS step
  GDM::WARNING energy changes are now smaller than effective accuracy.
  GDM::        calculation will continue, but THRESH should be increased
  GDM::        or SCF_CONVERGENCE decreased. 
  GDM::        effective_thresh = 3.55e-08
 Time for SNK build: 1.44e+01 s
   59    -911.1229725155      1.73e-08   Normal BFGS step
  GDM::WARNING energy changes are now smaller than effective accuracy.
  GDM::        calculation will continue, but THRESH should be increased
  GDM::        or SCF_CONVERGENCE decreased. 
  GDM::        effective_thresh = 3.55e-08
 Time for SNK build: 1.43e+01 s
   60    -911.1229725131      1.19e-07   Normal BFGS step
 Time for SNK build: 1.43e+01 s
   61    -911.1229725158      1.60e-08   Normal BFGS step
 Time for SNK build: 1.44e+01 s
   62    -911.1229725185      4.18e-08   Normal BFGS step
 Time for SNK build: 1.43e+01 s
   63    -911.1229725225      1.38e-08   Normal BFGS step
 Time for SNK build: 1.43e+01 s
   64    -911.1229725366      1.17e-07   Normal BFGS step
 Time for SNK build: 1.43e+01 s
   65    -911.1229725380      3.61e-07   Normal BFGS step
  GDM::WARNING energy changes are now smaller than effective accuracy.
  GDM::        calculation will continue, but THRESH should be increased
  GDM::        or SCF_CONVERGENCE decreased. 
  GDM::        effective_thresh = 3.55e-08
 Time for SNK build: 1.43e+01 s
   66    -911.1229725367      4.16e-08   Normal BFGS step
  GDM::WARNING energy changes are now smaller than effective accuracy.
  GDM::        calculation will continue, but THRESH should be increased
  GDM::        or SCF_CONVERGENCE decreased. 
  GDM::        effective_thresh = 3.55e-08
 Time for SNK build: 1.43e+01 s
   67    -911.1229725359      1.35e-07   Normal BFGS step
 Time for SNK build: 1.43e+01 s
   68    -911.1229725371      6.39e-08   Normal BFGS step
 Time for SNK build: 1.44e+01 s
   69    -911.1229725397      4.49e-08   Normal BFGS step
 Time for SNK build: 1.43e+01 s
   70    -911.1229725422      2.08e-08   Normal BFGS step
 Time for SNK build: 1.43e+01 s
   71    -911.1229725441      2.38e-08   Normal BFGS step
  GDM::WARNING energy changes are now smaller than effective accuracy.
  GDM::        calculation will continue, but THRESH should be increased
  GDM::        or SCF_CONVERGENCE decreased. 
  GDM::        effective_thresh = 3.55e-08
 Time for SNK build: 1.43e+01 s
   72    -911.1229725426      1.94e-08   Normal BFGS step
  GDM::WARNING energy changes are now smaller than effective accuracy.
  GDM::        calculation will continue, but THRESH should be increased
  GDM::        or SCF_CONVERGENCE decreased. 
  GDM::        effective_thresh = 3.55e-08
 Time for SNK build: 1.43e+01 s
   73    -911.1229725412      8.71e-08   Normal BFGS step
 Time for SNK build: 1.44e+01 s
   74    -911.1229725429      3.55e-08   Normal BFGS step
 Time for SNK build: 1.43e+01 s
   75    -911.1229725448      6.93e-08   Normal BFGS step
  GDM::WARNING energy changes are now smaller than effective accuracy.
  GDM::        calculation will continue, but THRESH should be increased
  GDM::        or SCF_CONVERGENCE decreased. 
  GDM::        effective_thresh = 3.55e-08
 Time for SNK build: 1.44e+01 s
   76    -911.1229725426      1.58e-08   Normal BFGS step
  GDM::WARNING energy changes are now smaller than effective accuracy.
  GDM::        calculation will continue, but THRESH should be increased
  GDM::        or SCF_CONVERGENCE decreased. 
  GDM::        effective_thresh = 3.55e-08
 Time for SNK build: 1.43e+01 s
   77    -911.1229725408      5.85e-08   Normal BFGS step
 Time for SNK build: 1.44e+01 s
   78    -911.1229725430      3.44e-08   Normal BFGS step
 Time for SNK build: 1.44e+01 s
   79    -911.1229725449      7.77e-08   Normal BFGS step
  GDM::WARNING energy changes are now smaller than effective accuracy.
  GDM::        calculation will continue, but THRESH should be increased
  GDM::        or SCF_CONVERGENCE decreased. 
  GDM::        effective_thresh = 3.55e-08
 Time for SNK build: 1.43e+01 s
   80    -911.1229725366      4.85e-08   Normal BFGS step
  GDM::WARNING energy changes are now smaller than effective accuracy.
  GDM::        calculation will continue, but THRESH should be increased
  GDM::        or SCF_CONVERGENCE decreased. 
  GDM::        effective_thresh = 3.55e-08
 Time for SNK build: 1.44e+01 s
   81    -911.1229725361      1.16e-06   Normal BFGS step
 Time for SNK build: 1.43e+01 s
   82    -911.1229725365      1.73e-07   Normal BFGS step
 Time for SNK build: 1.43e+01 s
   83    -911.1229725367      2.64e-07   Normal BFGS step
  GDM::WARNING energy changes are now smaller than effective accuracy.
  GDM::        calculation will continue, but THRESH should be increased
  GDM::        or SCF_CONVERGENCE decreased. 
  GDM::        effective_thresh = 3.55e-08
 Time for SNK build: 1.43e+01 s
   84    -911.1229725357      5.49e-08   Normal BFGS step
  GDM::WARNING energy changes are now smaller than effective accuracy.
  GDM::        calculation will continue, but THRESH should be increased
  GDM::        or SCF_CONVERGENCE decreased. 
  GDM::        effective_thresh = 3.55e-08
 Time for SNK build: 1.43e+01 s
   85    -911.1229725348      8.69e-08   Normal BFGS step
  GDM::WARNING energy changes are now smaller than effective accuracy.
  GDM::        calculation will continue, but THRESH should be increased
  GDM::        or SCF_CONVERGENCE decreased. 
  GDM::        effective_thresh = 3.55e-08
 Time for SNK build: 1.43e+01 s
   86    -911.1229725337      3.82e-08   Normal BFGS step
 Time for SNK build: 1.44e+01 s
   87    -911.1229725337      1.59e-07   Normal BFGS step
  GDM::WARNING energy changes are now smaller than effective accuracy.
  GDM::        calculation will continue, but THRESH should be increased
  GDM::        or SCF_CONVERGENCE decreased. 
  GDM::        effective_thresh = 3.55e-08
 Time for SNK build: 1.43e+01 s
   88    -911.1229725329      1.17e-07   Normal BFGS step
 Time for SNK build: 1.43e+01 s
   89    -911.1229725336      5.90e-08   Normal BFGS step
  GDM::WARNING energy changes are now smaller than effective accuracy.
  GDM::        calculation will continue, but THRESH should be increased
  GDM::        or SCF_CONVERGENCE decreased. 
  GDM::        effective_thresh = 3.55e-08
 Time for SNK build: 1.43e+01 s
   90    -911.1229725322      6.22e-08   Normal BFGS step
 Time for SNK build: 1.43e+01 s
   91    -911.1229725325      1.09e-07   Normal BFGS step
 Time for SNK build: 1.43e+01 s
   92    -911.1229725325      7.97e-08   Normal BFGS step
 Time for SNK build: 1.43e+01 s
   93    -911.1229725329      7.15e-08   Normal BFGS step
  GDM::WARNING energy changes are now smaller than effective accuracy.
  GDM::        calculation will continue, but THRESH should be increased
  GDM::        or SCF_CONVERGENCE decreased. 
  GDM::        effective_thresh = 3.55e-08
 Time for SNK build: 1.44e+01 s
   94    -911.1229725324      7.18e-08   Normal BFGS step
  GDM::WARNING energy changes are now smaller than effective accuracy.
  GDM::        calculation will continue, but THRESH should be increased
  GDM::        or SCF_CONVERGENCE decreased. 
  GDM::        effective_thresh = 3.55e-08
 Time for SNK build: 1.44e+01 s
   95    -911.1229725323      1.36e-07   Normal BFGS step
 Time for SNK build: 1.43e+01 s
   96    -911.1229725366      6.88e-08   Normal BFGS step
  GDM::WARNING energy changes are now smaller than effective accuracy.
  GDM::        calculation will continue, but THRESH should be increased
  GDM::        or SCF_CONVERGENCE decreased. 
  GDM::        effective_thresh = 3.55e-08
 Time for SNK build: 1.43e+01 s
   97    -911.1229725358      1.25e-05   Normal BFGS step
 Time for SNK build: 1.43e+01 s
   98    -911.1229725366      3.20e-07   Normal BFGS step
 Time for SNK build: 1.43e+01 s
   99    -911.1229725376      5.41e-07   Normal BFGS step
  GDM::WARNING energy changes are now smaller than effective accuracy.
  GDM::        calculation will continue, but THRESH should be increased
  GDM::        or SCF_CONVERGENCE decreased. 
  GDM::        effective_thresh = 3.55e-08
 Time for SNK build: 1.43e+01 s
  100    -911.1229725367      1.02e-07   Normal BFGS step
  GDM::WARNING energy changes are now smaller than effective accuracy.
  GDM::        calculation will continue, but THRESH should be increased
  GDM::        or SCF_CONVERGENCE decreased. 
  GDM::        effective_thresh = 3.55e-08
 Time for SNK build: 1.43e+01 s
  101    -911.1229725356      2.29e-07   Normal BFGS step
  GDM::WARNING energy changes are now smaller than effective accuracy.
  GDM::        calculation will continue, but THRESH should be increased
  GDM::        or SCF_CONVERGENCE decreased. 
  GDM::        effective_thresh = 3.55e-08
 Time for SNK build: 1.43e+01 s
  102    -911.1229725354      5.29e-08   Normal BFGS step
  GDM::WARNING energy changes are now smaller than effective accuracy.
  GDM::        calculation will continue, but THRESH should be increased
  GDM::        or SCF_CONVERGENCE decreased. 
  GDM::        effective_thresh = 3.55e-08
 Time for SNK build: 1.44e+01 s
  103    -911.1229725353      5.39e-08   Normal BFGS step
  GDM::WARNING energy changes are now smaller than effective accuracy.
  GDM::        calculation will continue, but THRESH should be increased
  GDM::        or SCF_CONVERGENCE decreased. 
  GDM::        effective_thresh = 3.55e-08
 Time for SNK build: 1.43e+01 s
  104    -911.1229725321      2.78e-08   Normal BFGS step
  GDM::WARNING energy changes are now smaller than effective accuracy.
  GDM::        calculation will continue, but THRESH should be increased
  GDM::        or SCF_CONVERGENCE decreased. 
  GDM::        effective_thresh = 3.55e-08
 Time for SNK build: 1.43e+01 s
  105    -911.1229725296      1.44e-07   Normal BFGS step
  GDM::WARNING energy changes are now smaller than effective accuracy.
  GDM::        calculation will continue, but THRESH should be increased
  GDM::        or SCF_CONVERGENCE decreased. 
  GDM::        effective_thresh = 3.55e-08
 Time for SNK build: 1.43e+01 s
  106    -911.1229725294      3.37e-08   Normal BFGS step
  GDM::WARNING energy changes are now smaller than effective accuracy.
  GDM::        calculation will continue, but THRESH should be increased
  GDM::        or SCF_CONVERGENCE decreased. 
  GDM::        effective_thresh = 3.55e-08
 Time for SNK build: 1.43e+01 s
  107    -911.1229725279      4.18e-08   Normal BFGS step
  GDM::WARNING energy changes are now smaller than effective accuracy.
  GDM::        calculation will continue, but THRESH should be increased
  GDM::        or SCF_CONVERGENCE decreased. 
  GDM::        effective_thresh = 3.55e-08
 Time for SNK build: 1.43e+01 s
  108    -911.1229725236      4.36e-08   Normal BFGS step
  GDM::WARNING energy changes are now smaller than effective accuracy.
  GDM::        calculation will continue, but THRESH should be increased
  GDM::        or SCF_CONVERGENCE decreased. 
  GDM::        effective_thresh = 3.55e-08
 Time for SNK build: 1.43e+01 s
  109    -911.1229725218      2.76e-07   Normal BFGS step
 Time for SNK build: 1.43e+01 s
  110    -911.1229725235      3.88e-08   Normal BFGS step
 Time for SNK build: 1.44e+01 s
  111    -911.1229725260      1.07e-07   Normal BFGS step
 Time for SNK build: 1.44e+01 s
  112    -911.1229725366      3.39e-08   Normal BFGS step
 Time for SNK build: 1.43e+01 s
  113    -911.1229725389      4.68e-07   Normal BFGS step
  GDM::WARNING energy changes are now smaller than effective accuracy.
  GDM::        calculation will continue, but THRESH should be increased
  GDM::        or SCF_CONVERGENCE decreased. 
  GDM::        effective_thresh = 5.42e-08
 Time for SNK build: 1.43e+01 s
  114    -911.1229725367      7.09e-08   Normal BFGS step
 Time for SNK build: 1.44e+01 s
  115    -911.1229725371      5.72e-08   Normal BFGS step
 Time for SNK build: 1.43e+01 s
  116    -911.1229725404      5.16e-08   Normal BFGS step
 Time for SNK build: 1.44e+01 s
  117    -911.1229725427      8.95e-08   Normal BFGS step
  GDM::WARNING energy changes are now smaller than effective accuracy.
  GDM::        calculation will continue, but THRESH should be increased
  GDM::        or SCF_CONVERGENCE decreased. 
  GDM::        effective_thresh = 5.42e-08
 Time for SNK build: 1.43e+01 s
  118    -911.1229725425      6.75e-08   Normal BFGS step
  GDM::WARNING energy changes are now smaller than effective accuracy.
  GDM::        calculation will continue, but THRESH should be increased
  GDM::        or SCF_CONVERGENCE decreased. 
  GDM::        effective_thresh = 5.42e-08
 Time for SNK build: 1.43e+01 s
  119    -911.1229725424      1.10e-07   Normal BFGS step
 Time for SNK build: 1.43e+01 s
  120    -911.1229725450      5.30e-08   Normal BFGS step
 Time for SNK build: 1.45e+01 s
  121    -911.1229725471      6.23e-08   Normal BFGS step
 Time for SNK build: 1.43e+01 s
  122    -911.1229725476      2.72e-08   Normal BFGS step
 Time for SNK build: 1.43e+01 s
  123    -911.1229725477      6.02e-08   Normal BFGS step
 Time for SNK build: 1.43e+01 s
  124    -911.1229725484      3.14e-08   Normal BFGS step
 Time for SNK build: 1.43e+01 s
  125    -911.1229725492      7.44e-08   Normal BFGS step
 Time for SNK build: 1.43e+01 s
  126    -911.1229725518      2.52e-08   Normal BFGS step
 Time for SNK build: 1.44e+01 s
  127    -911.1229725545      5.12e-08   Normal BFGS step
  GDM::WARNING energy changes are now smaller than effective accuracy.
  GDM::        calculation will continue, but THRESH should be increased
  GDM::        or SCF_CONVERGENCE decreased. 
  GDM::        effective_thresh = 5.42e-08
 Time for SNK build: 1.44e+01 s
  128    -911.1229725366      5.07e-08   Normal BFGS step
  GDM::WARNING energy changes are now smaller than effective accuracy.
  GDM::        calculation will continue, but THRESH should be increased
  GDM::        or SCF_CONVERGENCE decreased. 
  GDM::        effective_thresh = 5.42e-08
 Time for SNK build: 1.43e+01 s
  129    -911.1229725311      1.65e-05   Normal BFGS step
 Time for SNK build: 1.44e+01 s
  130    -911.1229725366      4.31e-08   Normal BFGS step
  GDM::WARNING energy changes are now smaller than effective accuracy.
  GDM::        calculation will continue, but THRESH should be increased
  GDM::        or SCF_CONVERGENCE decreased. 
  GDM::        effective_thresh = 5.42e-08
 Time for SNK build: 1.44e+01 s
  131    -911.1229725350      1.41e-07   Normal BFGS step
  GDM::WARNING energy changes are now smaller than effective accuracy.
  GDM::        calculation will continue, but THRESH should be increased
  GDM::        or SCF_CONVERGENCE decreased. 
  GDM::        effective_thresh = 5.42e-08
 Time for SNK build: 1.43e+01 s
  132    -911.1229725342      6.43e-08   Normal BFGS step
  GDM::WARNING energy changes are now smaller than effective accuracy.
  GDM::        calculation will continue, but THRESH should be increased
  GDM::        or SCF_CONVERGENCE decreased. 
  GDM::        effective_thresh = 5.42e-08
 Time for SNK build: 1.43e+01 s
  133    -911.1229725341      8.08e-08   Normal BFGS step
  GDM::WARNING energy changes are now smaller than effective accuracy.
  GDM::        calculation will continue, but THRESH should be increased
  GDM::        or SCF_CONVERGENCE decreased. 
  GDM::        effective_thresh = 5.42e-08
 Time for SNK build: 1.43e+01 s
  134    -911.1229725317      5.73e-08   Normal BFGS step
  GDM::WARNING energy changes are now smaller than effective accuracy.
  GDM::        calculation will continue, but THRESH should be increased
  GDM::        or SCF_CONVERGENCE decreased. 
  GDM::        effective_thresh = 5.42e-08
 Time for SNK build: 1.43e+01 s
  135    -911.1229725308      2.19e-07   Normal BFGS step
 Time for SNK build: 1.43e+01 s
  136    -911.1229725313      7.67e-08   Normal BFGS step
 Time for SNK build: 1.43e+01 s
  137    -911.1229725327      4.86e-08   Normal BFGS step
 Time for SNK build: 1.43e+01 s
  138    -911.1229725338      6.06e-08   Normal BFGS step
 Time for SNK build: 1.43e+01 s
  139    -911.1229725338      4.33e-08   Normal BFGS step
 Time for SNK build: 1.43e+01 s
  140    -911.1229725353      4.12e-08   Normal BFGS step
 Time for SNK build: 1.43e+01 s
  141    -911.1229725359      4.13e-08   Normal BFGS step
  GDM::WARNING energy changes are now smaller than effective accuracy.
  GDM::        calculation will continue, but THRESH should be increased
  GDM::        or SCF_CONVERGENCE decreased. 
  GDM::        effective_thresh = 5.42e-08
 Time for SNK build: 1.44e+01 s
  142    -911.1229725351      4.28e-08   Normal BFGS step
  GDM::WARNING energy changes are now smaller than effective accuracy.
  GDM::        calculation will continue, but THRESH should be increased
  GDM::        or SCF_CONVERGENCE decreased. 
  GDM::        effective_thresh = 5.42e-08
 Time for SNK build: 1.43e+01 s
  143    -911.1229725340      4.48e-08   Normal BFGS step
 Time for SNK build: 1.43e+01 s
  144    -911.1229725366      5.98e-08   Normal BFGS step
  GDM::WARNING energy changes are now smaller than effective accuracy.
  GDM::        calculation will continue, but THRESH should be increased
  GDM::        or SCF_CONVERGENCE decreased. 
  GDM::        effective_thresh = 5.42e-08
 Time for SNK build: 1.43e+01 s
  145    -911.1229725359      1.50e-07   Normal BFGS step
  GDM::WARNING energy changes are now smaller than effective accuracy.
  GDM::        calculation will continue, but THRESH should be increased
  GDM::        or SCF_CONVERGENCE decreased. 
  GDM::        effective_thresh = 5.42e-08
 Time for SNK build: 1.43e+01 s
  146    -911.1229725337      2.26e-07   Normal BFGS step
  GDM::WARNING energy changes are now smaller than effective accuracy.
  GDM::        calculation will continue, but THRESH should be increased
  GDM::        or SCF_CONVERGENCE decreased. 
  GDM::        effective_thresh = 5.42e-08
 Time for SNK build: 1.43e+01 s
  147    -911.1229725311      1.59e-07   Normal BFGS step
  GDM::WARNING energy changes are now smaller than effective accuracy.
  GDM::        calculation will continue, but THRESH should be increased
  GDM::        or SCF_CONVERGENCE decreased. 
  GDM::        effective_thresh = 5.42e-08
 Time for SNK build: 1.43e+01 s
  148    -911.1229725307      8.99e-08   Normal BFGS step
 Time for SNK build: 1.43e+01 s
  149    -911.1229725314      6.08e-08   Normal BFGS step
  GDM::WARNING energy changes are now smaller than effective accuracy.
  GDM::        calculation will continue, but THRESH should be increased
  GDM::        or SCF_CONVERGENCE decreased. 
  GDM::        effective_thresh = 5.42e-08
 Time for SNK build: 1.43e+01 s
  150    -911.1229725300      3.60e-08   Normal BFGS step
  GDM::WARNING energy changes are now smaller than effective accuracy.
  GDM::        calculation will continue, but THRESH should be increased
  GDM::        or SCF_CONVERGENCE decreased. 
  GDM::        effective_thresh = 5.42e-08
 Time for SNK build: 1.43e+01 s
  151    -911.1229725288      8.99e-08   Normal BFGS step
 Time for SNK build: 1.43e+01 s
  152    -911.1229725305      4.51e-08   Normal BFGS step
 Time for SNK build: 1.48e+01 s
  153    -911.1229725313      5.94e-08   Normal BFGS step
  GDM::WARNING energy changes are now smaller than effective accuracy.
  GDM::        calculation will continue, but THRESH should be increased
  GDM::        or SCF_CONVERGENCE decreased. 
  GDM::        effective_thresh = 5.42e-08
 Time for SNK build: 1.43e+01 s
  154    -911.1229725305      2.94e-08   Normal BFGS step
  GDM::WARNING energy changes are now smaller than effective accuracy.
  GDM::        calculation will continue, but THRESH should be increased
  GDM::        or SCF_CONVERGENCE decreased. 
  GDM::        effective_thresh = 5.42e-08
 Time for SNK build: 1.43e+01 s
  155    -911.1229725292      6.20e-08   Normal BFGS step
 Time for SNK build: 1.43e+01 s
  156    -911.1229725301      3.76e-08   Normal BFGS step
 Time for SNK build: 1.43e+01 s
  157    -911.1229725315      3.61e-08   Normal BFGS step
 Time for SNK build: 1.43e+01 s
  158    -911.1229725318      1.05e-08   Normal BFGS step
 Time for SNK build: 1.43e+01 s
  159    -911.1229725328      3.42e-08   Normal BFGS step
 Time for SNK build: 1.43e+01 s
  160    -911.1229725366      4.46e-08   Normal BFGS step
  GDM::WARNING energy changes are now smaller than effective accuracy.
  GDM::        calculation will continue, but THRESH should be increased
  GDM::        or SCF_CONVERGENCE decreased. 
  GDM::        effective_thresh = 5.42e-08
 Time for SNK build: 1.43e+01 s
  161    -911.1229725361      9.72e-06   Normal BFGS step
 Time for SNK build: 1.43e+01 s
  162    -911.1229725366      4.81e-08   Normal BFGS step
 Time for SNK build: 1.44e+01 s
  163    -911.1229725380      1.55e-07   Normal BFGS step
  GDM::WARNING energy changes are now smaller than effective accuracy.
  GDM::        calculation will continue, but THRESH should be increased
  GDM::        or SCF_CONVERGENCE decreased. 
  GDM::        effective_thresh = 5.42e-08
 Time for SNK build: 1.43e+01 s
  164    -911.1229725359      5.26e-08   Normal BFGS step
 Time for SNK build: 1.43e+01 s
  165    -911.1229725362      5.15e-08   Normal BFGS step
  GDM::WARNING energy changes are now smaller than effective accuracy.
  GDM::        calculation will continue, but THRESH should be increased
  GDM::        or SCF_CONVERGENCE decreased. 
  GDM::        effective_thresh = 5.42e-08
 Time for SNK build: 1.43e+01 s
  166    -911.1229725336      5.97e-08   Normal BFGS step
  GDM::WARNING energy changes are now smaller than effective accuracy.
  GDM::        calculation will continue, but THRESH should be increased
  GDM::        or SCF_CONVERGENCE decreased. 
  GDM::        effective_thresh = 5.42e-08
 Time for SNK build: 1.43e+01 s
  167    -911.1229725325      8.63e-08   Normal BFGS step
 Time for SNK build: 1.43e+01 s
  168    -911.1229725334      4.62e-08   Normal BFGS step
 Time for SNK build: 1.43e+01 s
  169    -911.1229725353      8.89e-08   Normal BFGS step
 Time for SNK build: 1.44e+01 s
  170    -911.1229725381      1.26e-07   Normal BFGS step
 Time for SNK build: 1.43e+01 s
  171    -911.1229725392      1.84e-07   Normal BFGS step
 Time for SNK build: 1.43e+01 s
  172    -911.1229725403      4.21e-08   Normal BFGS step
 Time for SNK build: 1.43e+01 s
  173    -911.1229725419      1.25e-07   Normal BFGS step
 Time for SNK build: 1.43e+01 s
  174    -911.1229725447      1.06e-07   Normal BFGS step
 Time for SNK build: 1.43e+01 s
  175    -911.1229725470      4.75e-08   Normal BFGS step
  GDM::WARNING energy changes are now smaller than effective accuracy.
  GDM::        calculation will continue, but THRESH should be increased
  GDM::        or SCF_CONVERGENCE decreased. 
  GDM::        effective_thresh = 5.42e-08
 Time for SNK build: 1.43e+01 s
  176    -911.1229725366      7.49e-08   Normal BFGS step
  GDM::WARNING energy changes are now smaller than effective accuracy.
  GDM::        calculation will continue, but THRESH should be increased
  GDM::        or SCF_CONVERGENCE decreased. 
  GDM::        effective_thresh = 5.42e-08
 Time for SNK build: 1.43e+01 s
  177    -911.1229725361      1.90e-07   Normal BFGS step
  GDM::WARNING energy changes are now smaller than effective accuracy.
  GDM::        calculation will continue, but THRESH should be increased
  GDM::        or SCF_CONVERGENCE decreased. 
  GDM::        effective_thresh = 5.42e-08
 Time for SNK build: 1.43e+01 s
  178    -911.1229725339      5.81e-08   Normal BFGS step
  GDM::WARNING energy changes are now smaller than effective accuracy.
  GDM::        calculation will continue, but THRESH should be increased
  GDM::        or SCF_CONVERGENCE decreased. 
  GDM::        effective_thresh = 5.42e-08
 Time for SNK build: 1.43e+01 s
  179    -911.1229725332      2.54e-07   Normal BFGS step
 Time for SNK build: 1.43e+01 s
  180    -911.1229725342      3.21e-08   Normal BFGS step
 Time for SNK build: 1.43e+01 s
  181    -911.1229725356      7.48e-08   Normal BFGS step
 Time for SNK build: 1.43e+01 s
  182    -911.1229725375      5.65e-08   Normal BFGS step
 Time for SNK build: 1.43e+01 s
  183    -911.1229725387      3.22e-08   Normal BFGS step
 Time for SNK build: 1.43e+01 s
  184    -911.1229725415      1.32e-08   Normal BFGS step
 Time for SNK build: 1.43e+01 s
  185    -911.1229725422      2.61e-07   Normal BFGS step
  GDM::WARNING energy changes are now smaller than effective accuracy.
  GDM::        calculation will continue, but THRESH should be increased
  GDM::        or SCF_CONVERGENCE decreased. 
  GDM::        effective_thresh = 5.42e-08
 Time for SNK build: 1.43e+01 s
  186    -911.1229725416      3.02e-08   Normal BFGS step
 Time for SNK build: 1.43e+01 s
  187    -911.1229725418      3.98e-08   Normal BFGS step
 Time for SNK build: 1.43e+01 s
  188    -911.1229725428      2.47e-08   Normal BFGS step
 Time for SNK build: 1.43e+01 s
  189    -911.1229725440      1.24e-07   Normal BFGS step
  GDM::WARNING energy changes are now smaller than effective accuracy.
  GDM::        calculation will continue, but THRESH should be increased
  GDM::        or SCF_CONVERGENCE decreased. 
  GDM::        effective_thresh = 5.42e-08
 Time for SNK build: 1.43e+01 s
  190    -911.1229725434      1.92e-08   Normal BFGS step
 Time for SNK build: 1.43e+01 s
  191    -911.1229725438      2.93e-08   Normal BFGS step
  GDM::WARNING energy changes are now smaller than effective accuracy.
  GDM::        calculation will continue, but THRESH should be increased
  GDM::        or SCF_CONVERGENCE decreased. 
  GDM::        effective_thresh = 5.42e-08
 Time for SNK build: 1.43e+01 s
  192    -911.1229725366      2.56e-08   Normal BFGS step
  GDM::WARNING energy changes are now smaller than effective accuracy.
  GDM::        calculation will continue, but THRESH should be increased
  GDM::        or SCF_CONVERGENCE decreased. 
  GDM::        effective_thresh = 5.42e-08
 Time for SNK build: 1.43e+01 s
  193    -911.1229725347      1.81e-07   Normal BFGS step
 Time for SNK build: 1.43e+01 s
  194    -911.1229725357      2.59e-08   Normal BFGS step
 Time for SNK build: 1.43e+01 s
  195    -911.1229725359      6.74e-08   Normal BFGS step
  GDM::WARNING energy changes are now smaller than effective accuracy.
  GDM::        calculation will continue, but THRESH should be increased
  GDM::        or SCF_CONVERGENCE decreased. 
  GDM::        effective_thresh = 5.42e-08
 Time for SNK build: 1.43e+01 s
  196    -911.1229725350      7.86e-08   Normal BFGS step
  GDM::WARNING energy changes are now smaller than effective accuracy.
  GDM::        calculation will continue, but THRESH should be increased
  GDM::        or SCF_CONVERGENCE decreased. 
  GDM::        effective_thresh = 5.42e-08
 Time for SNK build: 1.43e+01 s
  197    -911.1229725345      1.02e-07   Normal BFGS step
  GDM::WARNING energy changes are now smaller than effective accuracy.
  GDM::        calculation will continue, but THRESH should be increased
  GDM::        or SCF_CONVERGENCE decreased. 
  GDM::        effective_thresh = 5.42e-08
 Time for SNK build: 1.43e+01 s
  198    -911.1229725332      8.85e-08   Normal BFGS step
  GDM::WARNING energy changes are now smaller than effective accuracy.
  GDM::        calculation will continue, but THRESH should be increased
  GDM::        or SCF_CONVERGENCE decreased. 
  GDM::        effective_thresh = 5.42e-08
 Time for SNK build: 1.43e+01 s
  199    -911.1229725328      8.68e-08   Normal BFGS step
  GDM::WARNING energy changes are now smaller than effective accuracy.
  GDM::        calculation will continue, but THRESH should be increased
  GDM::        or SCF_CONVERGENCE decreased. 
  GDM::        effective_thresh = 5.42e-08
 Time for SNK build: 1.43e+01 s
  200    -911.1229725324      3.88e-08   Normal BFGS step
  GDM::WARNING energy changes are now smaller than effective accuracy.
  GDM::        calculation will continue, but THRESH should be increased
  GDM::        or SCF_CONVERGENCE decreased. 
  GDM::        effective_thresh = 5.42e-08
 Time for SNK build: 1.43e+01 s
  201    -911.1229725320      9.03e-08   Normal BFGS step
  GDM::WARNING energy changes are now smaller than effective accuracy.
  GDM::        calculation will continue, but THRESH should be increased
  GDM::        or SCF_CONVERGENCE decreased. 
  GDM::        effective_thresh = 5.42e-08
 Time for SNK build: 1.43e+01 s
  202    -911.1229725315      6.67e-08   Normal BFGS step
  GDM::WARNING energy changes are now smaller than effective accuracy.
  GDM::        calculation will continue, but THRESH should be increased
  GDM::        or SCF_CONVERGENCE decreased. 
  GDM::        effective_thresh = 5.42e-08
 Time for SNK build: 1.43e+01 s
  203    -911.1229725311      5.42e-08   Normal BFGS step
 Time for SNK build: 1.43e+01 s
  204    -911.1229725311      8.30e-09  Convergence criterion met
 ---------------------------------------
 SCF time:   CPU 431844.57s  wall 3668.00s 
<S^2> =          0.000000000
 SCF   energy =  -911.12297253
 Total energy =  -911.12297253
 Integrated density by DFT XC:
   Number of electrons = 154
   Numerical integral  =   153.999992022744
   Relative error      =     0.0000051800 %
 
 --------------------------------------------------------------
 
                    Orbital Energies (a.u.)
 --------------------------------------------------------------
 
 Alpha MOs
 -- Occupied --
-14.4329 -14.4314 -14.4301 -14.4299 -14.4288 -14.4286 -14.4285 -14.4273
-10.1946 -10.1907 -10.1871 -10.1795 -10.1756 -10.1755 -10.1751 -10.1688
-10.1658 -10.1599 -10.1579 -10.1496  -1.1232  -1.1221  -1.1192  -1.1174
 -0.8113  -0.8066  -0.7725  -0.7577  -0.7235  -0.6936  -0.6620  -0.6240
 -0.6160  -0.5749  -0.5674  -0.5673  -0.5645  -0.5644  -0.5633  -0.5588
 -0.4745  -0.4690  -0.4689  -0.4684  -0.4684  -0.4668  -0.4661  -0.4660
 -0.4648  -0.4647  -0.4575  -0.4542  -0.4425  -0.4402  -0.4381  -0.4380
 -0.4374  -0.4367  -0.4274  -0.4160  -0.4154  -0.4004  -0.3934  -0.3799
 -0.3733  -0.3633  -0.3569  -0.3367  -0.3269  -0.3227  -0.3160  -0.3153
 -0.2936  -0.2881  -0.2778  -0.2561  -0.2510
 -- Virtual --
 -0.0466  -0.0461  -0.0441  -0.0436  -0.0436  -0.0434  -0.0416  -0.0412
 -0.0067  -0.0003   0.0050   0.0084   0.0183   0.0229   0.0237   0.0354
  0.0379   0.0398   0.0437   0.0459   0.0486   0.0555   0.0577   0.0602
  0.0646   0.0680   0.0716   0.0720   0.0761   0.0783   0.0833   0.0881
  0.0902   0.0913   0.0939   0.0989   0.1010   0.1073   0.1096   0.1126
  0.1176   0.1218   0.1253   0.1311   0.1330   0.1347   0.1359   0.1404
  0.1432   0.1468   0.1520   0.1533   0.1579   0.1630   0.1646   0.1686
  0.1703   0.1730   0.1794   0.1828   0.1858   0.1881   0.1910   0.1937
  0.1970   0.2002   0.2012   0.2058   0.2074   0.2103   0.2114   0.2130
  0.2164   0.2186   0.2197   0.2206   0.2253   0.2274   0.2286   0.2328
  0.2338   0.2357   0.2382   0.2403   0.2416   0.2421   0.2448   0.2466
  0.2478   0.2508   0.2523   0.2532   0.2551   0.2564   0.2573   0.2582
  0.2588   0.2597   0.2599   0.2631   0.2657   0.2667   0.2683   0.2715
  0.2727   0.2763   0.2779   0.2789   0.2814   0.2822   0.2853   0.2870
  0.2878   0.2888   0.2917   0.2924   0.2931   0.2958   0.2983   0.3013
  0.3037   0.3061   0.3072   0.3127   0.3139   0.3166   0.3195   0.3218
  0.3241   0.3256   0.3262   0.3282   0.3301   0.3331   0.3353   0.3367
  0.3401   0.3418   0.3432   0.3440   0.3476   0.3497   0.3533   0.3568
  0.3576   0.3619   0.3624   0.3681   0.3716   0.3740   0.3750   0.3779
  0.3817   0.3828   0.3852   0.3881   0.3916   0.3929   0.3945   0.3979
  0.4004   0.4033   0.4036   0.4050   0.4094   0.4098   0.4110   0.4136
  0.4166   0.4175   0.4205   0.4230   0.4236   0.4240   0.4263   0.4296
  0.4316   0.4324   0.4348   0.4352   0.4375   0.4388   0.4438   0.4448
  0.4465   0.4489   0.4526   0.4537   0.4544   0.4582   0.4594   0.4622
  0.4655   0.4665   0.4722   0.4746   0.4757   0.4760   0.4774   0.4789
  0.4831   0.4866   0.4887   0.4919   0.4928   0.4947   0.4963   0.4999
  0.5039   0.5073   0.5106   0.5130   0.5173   0.5210   0.5225   0.5232
  0.5263   0.5286   0.5304   0.5341   0.5363   0.5374   0.5404   0.5427
  0.5435   0.5458   0.5513   0.5571   0.5592   0.5609   0.5686   0.5700
  0.5708   0.5737   0.5800   0.5859   0.5869   0.5915   0.5944   0.5957
  0.5999   0.6046   0.6163   0.6217   0.6221   0.6252   0.6283   0.6307
  0.6345   0.6361   0.6376   0.6449   0.6465   0.6502   0.6517   0.6537
  0.6572   0.6591   0.6653   0.6670   0.6681   0.6705   0.6752   0.6760
  0.6796   0.6815   0.6860   0.6869   0.6896   0.6915   0.6938   0.6949
  0.6983   0.6997   0.7052   0.7060   0.7075   0.7083   0.7116   0.7146
  0.7191   0.7200   0.7245   0.7254   0.7303   0.7341   0.7356   0.7371
  0.7381   0.7398   0.7416   0.7430   0.7465   0.7479   0.7508   0.7542
  0.7569   0.7574   0.7627   0.7640   0.7700   0.7709   0.7722   0.7760
  0.7820   0.7826   0.7859   0.7906   0.7950   0.7991   0.8008   0.8081
  0.8097   0.8148   0.8200   0.8224   0.8293   0.8355   0.8368   0.8430
  0.8471   0.8504   0.8563   0.8577   0.8596   0.8680   0.8776   0.8820
  0.8865   0.8884   0.8968   0.8987   0.9085   0.9143   0.9221   0.9351
  0.9424   0.9452   0.9550   0.9567   0.9632   0.9712   0.9773   0.9839
  0.9932   1.0037   1.0064   1.0072   1.0132   1.0158   1.0187   1.0220
  1.0308   1.0380   1.0477   1.0481   1.0569   1.0714   1.0763   1.0884
  1.0906   1.0918   1.0962   1.1005   1.1014   1.1052   1.1078   1.1088
  1.1137   1.1167   1.1213   1.1256   1.1325   1.1367   1.1489   1.1642
  1.1731   1.1869   1.1919   1.1981   1.2063   1.2192   1.2197   1.2214
  1.2217   1.2241   1.2278   1.2311   1.2369   1.2426   1.2480   1.2498
  1.2606   1.2619   1.2712   1.2839   1.2892   1.2985   1.3087   1.3184
  1.3248   1.3269   1.3393   1.3437   1.3487   1.3611   1.3750   1.3856
  1.3870   1.3943   1.4069   1.4230   1.4257   1.4331   1.4435   1.4469
  1.4490   1.4501   1.4523   1.4535   1.4558   1.4564   1.4682   1.4686
  1.4791   1.4855   1.4905   1.4990   1.5006   1.5035   1.5051   1.5100
  1.5195   1.5229   1.5290   1.5375   1.5490   1.5706   1.5839   1.6283
  1.6317   1.6472   1.6617   1.6621   1.6652   1.6663   1.6759   1.6799
  1.6894   1.7017   1.7410   1.7597   1.7761   1.7818   1.7940   1.8009
  1.8087   1.8112   1.8296   1.8353   1.8500   1.8506   1.8546   1.8597
  1.8632   1.8741   1.8755   1.8780   1.8787   1.8841   1.8919   1.8926
  1.8943   1.8964   1.8970   1.8979   1.8999   1.9007   1.9078   1.9144
  1.9189   1.9230   1.9308   1.9386   1.9414   1.9508   1.9531   1.9549
  1.9566   1.9580   1.9605   1.9647   1.9714   1.9825   1.9922   1.9958
  2.0096   2.0119   2.0188   2.0257   2.0322   2.0356   2.0449   2.0556
  2.0619   2.0633   2.0672   2.0765   2.0788   2.0841   2.0980   2.1036
  2.1070   2.1118   2.1204   2.1292   2.1369   2.1467   2.1513   2.1518
  2.1535   2.1553   2.1685   2.1760   2.1839   2.1883   2.1986   2.2058
  2.2192   2.2234   2.2341   2.2412   2.2519   2.2525   2.2687   2.2846
  2.2968   2.3032   2.3069   2.3217   2.3334   2.3341   2.3430   2.3582
  2.3671   2.3887   2.3970   2.4080   2.4130   2.4177   2.4193   2.4233
  2.4277   2.4320   2.4511   2.4550   2.4749   2.4822   2.4915   2.4922
  2.4928   2.4949   2.5000   2.5013   2.5027   2.5052   2.5107   2.5232
  2.5344   2.5472   2.5649   2.5752   2.5878   2.5911   2.6032   2.6090
  2.6196   2.6298   2.6351   2.6383   2.6559   2.6625   2.6645   2.6664
  2.6672   2.6705   2.6727   2.6777   2.7052   2.7206   2.7268   2.7410
  2.7455   2.7581   2.7618   2.7751   2.7910   2.7984   2.8071   2.8110
  2.8122   2.8372   2.8373   2.8452   2.8503   2.8618   2.8685   2.8723
  2.8872   2.8970   2.8979   2.8987   2.9113   2.9146   2.9195   2.9272
  2.9288   2.9302   2.9355   2.9384   2.9455   2.9620   2.9681   2.9731
  2.9854   2.9955   3.0107   3.0265   3.0276   3.0332   3.0410   3.0532
  3.0565   3.0642   3.0757   3.0860   3.0961   3.1082   3.1292   3.1309
  3.1425   3.1562   3.1646   3.1682   3.1764   3.1892   3.2000   3.2211
  3.2293   3.2382   3.2466   3.2474   3.2574   3.2690   3.2707   3.2865
  3.2930   3.2994   3.3076   3.3152   3.3439   3.3492   3.3610   3.3711
  3.3716   3.3817   3.3957   3.3996   3.4069   3.4184   3.4207   3.4346
  3.4411   3.4449   3.4594   3.4735   3.4780   3.4834   3.4840   3.4855
  3.4865   3.4866   3.4884   3.4887   3.4908   3.4998   3.5101   3.5129
  3.5169   3.5248   3.5255   3.5414   3.5451   3.5586   3.5655   3.5860
  3.5923   3.5979   3.6034   3.6042   3.6046   3.6054   3.6068   3.6071
  3.6081   3.6089   3.6108   3.6128   3.6269   3.6333   3.6534   3.6632
  3.6844   3.6895   3.6971   3.6976   3.6982   3.6984   3.7018   3.7041
  3.7055   3.7075   3.7116   3.7133   3.7208   3.7347   3.7387   3.7430
  3.7738   3.7763   3.7954   3.8055   3.8266   3.8377   3.8459   3.8527
  3.8747   3.8783   3.8947   3.9077   3.9209   3.9298   3.9471   3.9654
  3.9776   4.0050   4.0192   4.0303   4.0317   4.0473   4.0547   4.0552
  4.0567   4.0569   4.0573   4.0574   4.0615   4.0615   4.0661   4.0709
  4.0807   4.0963   4.1081   4.1234   4.1263   4.1278   4.1329   4.1355
  4.1405   4.1475   4.1547   4.1646   4.1953   4.2042   4.2208   4.2345
  4.2534   4.2965   4.3068   4.3265   4.3340   4.3381   4.3659   4.3862
  4.3968   4.4113   4.4296   4.4554   4.4731   4.5019   4.5069   4.5097
  4.5112   4.5119   4.5124   4.5137   4.5215   4.5227   4.5324   4.5338
  4.5341   4.5367   4.5399   4.5440   4.5445   4.5541   4.5559   4.5625
  4.5890   4.5992   4.6151   4.6180   4.6203   4.6221   4.6228   4.6272
  4.6282   4.6309   4.6418   4.6706   4.6885   4.7309   4.7463   4.7548
  4.7659   4.7903   4.8239   4.8521   4.8674   4.8677   4.8680   4.8682
  4.8702   4.8704   4.8817   4.8817   4.8938   4.9225   4.9239   4.9347
  4.9598   4.9898   4.9938   4.9967   5.0098   5.0107   5.0111   5.0119
  5.0121   5.0169   5.0190   5.0208   5.0223   5.0235   5.0270   5.0721
  5.1152   5.1707   5.1889   5.2018   5.2266   6.0650   6.0683   6.0699
  6.0928   6.2227   6.2258   6.2271   6.2285   6.2307   6.2308   6.2495
  6.2522   6.6375   6.6377   6.6393   6.6408  22.3225  22.5511  22.5922
 22.6264  22.6604  22.6740  22.6861  22.7075  22.7170  22.8068  22.8606
 22.9089  31.6341  31.6354  31.6404  31.6426  32.2821  32.2839  32.2869
 32.3153
 
 Beta MOs
 -- Occupied --
-14.4329 -14.4314 -14.4301 -14.4299 -14.4288 -14.4286 -14.4285 -14.4273
-10.1946 -10.1907 -10.1871 -10.1795 -10.1756 -10.1755 -10.1751 -10.1688
-10.1658 -10.1599 -10.1579 -10.1496  -1.1232  -1.1221  -1.1192  -1.1174
 -0.8113  -0.8066  -0.7725  -0.7577  -0.7235  -0.6936  -0.6620  -0.6240
 -0.6160  -0.5749  -0.5674  -0.5673  -0.5645  -0.5644  -0.5633  -0.5588
 -0.4745  -0.4690  -0.4689  -0.4684  -0.4684  -0.4668  -0.4661  -0.4660
 -0.4648  -0.4647  -0.4575  -0.4542  -0.4425  -0.4402  -0.4381  -0.4380
 -0.4374  -0.4367  -0.4274  -0.4160  -0.4154  -0.4004  -0.3934  -0.3799
 -0.3733  -0.3633  -0.3569  -0.3367  -0.3269  -0.3227  -0.3160  -0.3153
 -0.2936  -0.2881  -0.2778  -0.2561  -0.2510
 -- Virtual --
 -0.0466  -0.0461  -0.0441  -0.0436  -0.0436  -0.0434  -0.0416  -0.0412
 -0.0067  -0.0003   0.0050   0.0084   0.0183   0.0229   0.0237   0.0354
  0.0379   0.0398   0.0437   0.0459   0.0486   0.0555   0.0577   0.0602
  0.0646   0.0680   0.0716   0.0720   0.0761   0.0783   0.0833   0.0881
  0.0902   0.0913   0.0939   0.0989   0.1010   0.1073   0.1096   0.1126
  0.1176   0.1218   0.1253   0.1311   0.1330   0.1347   0.1359   0.1404
  0.1432   0.1468   0.1520   0.1533   0.1579   0.1630   0.1646   0.1686
  0.1703   0.1730   0.1794   0.1828   0.1858   0.1881   0.1910   0.1937
  0.1970   0.2002   0.2012   0.2058   0.2074   0.2103   0.2114   0.2130
  0.2164   0.2186   0.2197   0.2206   0.2253   0.2274   0.2286   0.2328
  0.2338   0.2357   0.2382   0.2403   0.2416   0.2421   0.2448   0.2466
  0.2478   0.2508   0.2523   0.2532   0.2551   0.2564   0.2573   0.2582
  0.2588   0.2597   0.2599   0.2631   0.2657   0.2667   0.2683   0.2715
  0.2727   0.2763   0.2779   0.2789   0.2814   0.2822   0.2853   0.2870
  0.2878   0.2888   0.2917   0.2924   0.2931   0.2958   0.2983   0.3013
  0.3037   0.3061   0.3072   0.3127   0.3139   0.3166   0.3195   0.3218
  0.3241   0.3256   0.3262   0.3282   0.3301   0.3331   0.3353   0.3367
  0.3401   0.3418   0.3432   0.3440   0.3476   0.3497   0.3533   0.3568
  0.3576   0.3619   0.3624   0.3681   0.3716   0.3740   0.3750   0.3779
  0.3817   0.3828   0.3852   0.3881   0.3916   0.3929   0.3945   0.3979
  0.4004   0.4033   0.4036   0.4050   0.4094   0.4098   0.4110   0.4136
  0.4166   0.4175   0.4205   0.4230   0.4236   0.4240   0.4263   0.4296
  0.4316   0.4324   0.4348   0.4352   0.4375   0.4388   0.4438   0.4448
  0.4465   0.4489   0.4526   0.4537   0.4544   0.4582   0.4594   0.4622
  0.4655   0.4665   0.4722   0.4746   0.4757   0.4760   0.4774   0.4789
  0.4831   0.4866   0.4887   0.4919   0.4928   0.4947   0.4963   0.4999
  0.5039   0.5073   0.5106   0.5130   0.5173   0.5210   0.5225   0.5232
  0.5263   0.5286   0.5304   0.5341   0.5363   0.5374   0.5404   0.5427
  0.5435   0.5458   0.5513   0.5571   0.5592   0.5609   0.5686   0.5700
  0.5708   0.5737   0.5800   0.5859   0.5869   0.5915   0.5944   0.5957
  0.5999   0.6046   0.6163   0.6217   0.6221   0.6252   0.6283   0.6307
  0.6345   0.6361   0.6376   0.6449   0.6465   0.6502   0.6517   0.6537
  0.6572   0.6591   0.6653   0.6670   0.6681   0.6705   0.6752   0.6760
  0.6796   0.6815   0.6860   0.6869   0.6896   0.6915   0.6938   0.6949
  0.6983   0.6997   0.7052   0.7060   0.7075   0.7083   0.7116   0.7146
  0.7191   0.7200   0.7245   0.7254   0.7303   0.7341   0.7356   0.7371
  0.7381   0.7398   0.7416   0.7430   0.7465   0.7479   0.7508   0.7542
  0.7569   0.7574   0.7627   0.7640   0.7700   0.7709   0.7722   0.7760
  0.7820   0.7826   0.7859   0.7906   0.7950   0.7991   0.8008   0.8081
  0.8097   0.8148   0.8200   0.8224   0.8293   0.8355   0.8368   0.8430
  0.8471   0.8504   0.8563   0.8577   0.8596   0.8680   0.8776   0.8820
  0.8865   0.8884   0.8968   0.8987   0.9085   0.9143   0.9221   0.9351
  0.9424   0.9452   0.9550   0.9567   0.9632   0.9712   0.9773   0.9839
  0.9932   1.0037   1.0064   1.0072   1.0132   1.0158   1.0187   1.0220
  1.0308   1.0380   1.0477   1.0481   1.0569   1.0714   1.0763   1.0884
  1.0906   1.0918   1.0962   1.1005   1.1014   1.1052   1.1078   1.1088
  1.1137   1.1167   1.1213   1.1256   1.1325   1.1367   1.1489   1.1642
  1.1731   1.1869   1.1919   1.1981   1.2063   1.2192   1.2197   1.2214
  1.2217   1.2241   1.2278   1.2311   1.2369   1.2426   1.2480   1.2498
  1.2606   1.2619   1.2712   1.2839   1.2892   1.2985   1.3087   1.3184
  1.3248   1.3269   1.3393   1.3437   1.3487   1.3611   1.3750   1.3856
  1.3870   1.3943   1.4069   1.4230   1.4257   1.4331   1.4435   1.4469
  1.4490   1.4501   1.4523   1.4535   1.4558   1.4564   1.4682   1.4686
  1.4791   1.4855   1.4905   1.4990   1.5006   1.5035   1.5051   1.5100
  1.5195   1.5229   1.5290   1.5375   1.5490   1.5706   1.5839   1.6283
  1.6317   1.6472   1.6617   1.6621   1.6652   1.6663   1.6759   1.6799
  1.6894   1.7017   1.7410   1.7597   1.7761   1.7818   1.7940   1.8009
  1.8087   1.8112   1.8296   1.8353   1.8500   1.8506   1.8546   1.8597
  1.8632   1.8741   1.8755   1.8780   1.8787   1.8841   1.8919   1.8926
  1.8943   1.8964   1.8970   1.8979   1.8999   1.9007   1.9078   1.9144
  1.9189   1.9230   1.9308   1.9386   1.9414   1.9508   1.9531   1.9549
  1.9566   1.9580   1.9605   1.9647   1.9714   1.9825   1.9922   1.9958
  2.0096   2.0119   2.0188   2.0257   2.0322   2.0356   2.0449   2.0556
  2.0619   2.0633   2.0672   2.0765   2.0788   2.0841   2.0980   2.1036
  2.1070   2.1118   2.1204   2.1292   2.1369   2.1467   2.1513   2.1518
  2.1535   2.1553   2.1685   2.1760   2.1839   2.1883   2.1986   2.2058
  2.2192   2.2234   2.2341   2.2412   2.2519   2.2525   2.2687   2.2846
  2.2968   2.3032   2.3069   2.3217   2.3334   2.3341   2.3430   2.3582
  2.3671   2.3887   2.3970   2.4080   2.4130   2.4177   2.4193   2.4233
  2.4277   2.4320   2.4511   2.4550   2.4749   2.4822   2.4915   2.4922
  2.4928   2.4949   2.5000   2.5013   2.5027   2.5052   2.5107   2.5232
  2.5344   2.5472   2.5649   2.5752   2.5878   2.5911   2.6032   2.6090
  2.6196   2.6298   2.6351   2.6383   2.6559   2.6625   2.6645   2.6664
  2.6672   2.6705   2.6727   2.6777   2.7052   2.7206   2.7268   2.7410
  2.7455   2.7581   2.7618   2.7751   2.7910   2.7984   2.8071   2.8110
  2.8122   2.8372   2.8373   2.8452   2.8503   2.8618   2.8685   2.8723
  2.8872   2.8970   2.8979   2.8987   2.9113   2.9146   2.9195   2.9272
  2.9288   2.9302   2.9355   2.9384   2.9455   2.9620   2.9681   2.9731
  2.9854   2.9955   3.0107   3.0265   3.0276   3.0332   3.0410   3.0532
  3.0565   3.0642   3.0757   3.0860   3.0961   3.1082   3.1292   3.1309
  3.1425   3.1562   3.1646   3.1682   3.1764   3.1892   3.2000   3.2211
  3.2293   3.2382   3.2466   3.2474   3.2574   3.2690   3.2707   3.2865
  3.2930   3.2994   3.3076   3.3152   3.3439   3.3492   3.3610   3.3711
  3.3716   3.3817   3.3957   3.3996   3.4069   3.4184   3.4207   3.4346
  3.4411   3.4449   3.4594   3.4735   3.4780   3.4834   3.4840   3.4855
  3.4865   3.4866   3.4884   3.4887   3.4908   3.4998   3.5101   3.5129
  3.5169   3.5248   3.5255   3.5414   3.5451   3.5586   3.5655   3.5860
  3.5923   3.5979   3.6034   3.6042   3.6046   3.6054   3.6068   3.6071
  3.6081   3.6089   3.6108   3.6128   3.6269   3.6333   3.6534   3.6632
  3.6844   3.6895   3.6971   3.6976   3.6982   3.6984   3.7018   3.7041
  3.7055   3.7075   3.7116   3.7133   3.7208   3.7347   3.7387   3.7430
  3.7738   3.7763   3.7954   3.8055   3.8266   3.8377   3.8459   3.8527
  3.8747   3.8783   3.8947   3.9077   3.9209   3.9298   3.9471   3.9654
  3.9776   4.0050   4.0192   4.0303   4.0317   4.0473   4.0547   4.0552
  4.0567   4.0569   4.0573   4.0574   4.0615   4.0615   4.0661   4.0709
  4.0807   4.0963   4.1081   4.1234   4.1263   4.1278   4.1329   4.1355
  4.1405   4.1475   4.1547   4.1646   4.1953   4.2042   4.2208   4.2345
  4.2534   4.2965   4.3068   4.3265   4.3340   4.3381   4.3659   4.3862
  4.3968   4.4113   4.4296   4.4554   4.4731   4.5019   4.5069   4.5097
  4.5112   4.5119   4.5124   4.5137   4.5215   4.5227   4.5324   4.5338
  4.5341   4.5367   4.5399   4.5440   4.5445   4.5541   4.5559   4.5625
  4.5890   4.5992   4.6151   4.6180   4.6203   4.6221   4.6228   4.6272
  4.6282   4.6309   4.6418   4.6706   4.6885   4.7309   4.7463   4.7548
  4.7659   4.7903   4.8239   4.8521   4.8674   4.8677   4.8680   4.8682
  4.8702   4.8704   4.8817   4.8817   4.8938   4.9225   4.9239   4.9347
  4.9598   4.9898   4.9938   4.9967   5.0098   5.0107   5.0111   5.0119
  5.0121   5.0169   5.0190   5.0208   5.0223   5.0235   5.0270   5.0721
  5.1152   5.1707   5.1889   5.2018   5.2266   6.0650   6.0683   6.0699
  6.0928   6.2227   6.2258   6.2271   6.2285   6.2307   6.2308   6.2495
  6.2522   6.6375   6.6377   6.6393   6.6408  22.3225  22.5511  22.5922
 22.6264  22.6604  22.6740  22.6861  22.7075  22.7170  22.8068  22.8606
 22.9089  31.6341  31.6354  31.6404  31.6426  32.2821  32.2839  32.2869
 32.3153
 --------------------------------------------------------------
 
          Ground-State Mulliken Net Atomic Charges

     Atom                 Charge (a.u.)    Spin (a.u.)
  --------------------------------------------------------
      1 N                    -0.001501       0.000000
      2 N                     0.001682      -0.000000
      3 N                    -0.001056      -0.000000
      4 N                     0.001318       0.000000
      5 N                     0.012110       0.000000
      6 N                    -0.011715      -0.000000
      7 N                     0.009754      -0.000000
      8 N                    -0.009121       0.000000
      9 C                    -1.112426       0.000000
     10 C                    -0.188023      -0.000000
     11 H                     0.279975      -0.000000
     12 H                     0.224331       0.000000
     13 H                     0.334377      -0.000000
     14 C                    -0.578212       0.000000
     15 H                     0.253708      -0.000000
     16 H                     0.141836       0.000000
     17 C                    -0.649618       0.000000
     18 H                     0.336659       0.000000
     19 H                     0.328327      -0.000000
     20 C                    -0.362542      -0.000000
     21 H                     0.424766      -0.000000
     22 H                     0.243392      -0.000000
     23 C                    -0.497549       0.000000
     24 H                     0.295304       0.000000
     25 H                     0.160626      -0.000000
     26 C                    -0.958974       0.000000
     27 H                     0.205410       0.000000
     28 H                     0.502283      -0.000000
     29 C                    -0.695873      -0.000000
     30 H                     0.307108       0.000000
     31 H                     0.290523      -0.000000
     32 C                    -0.210569       0.000000
     33 H                     0.268484       0.000000
     34 H                     0.349632      -0.000000
     35 C                    -0.803937       0.000000
     36 H                     0.273351       0.000000
     37 H                     0.154288      -0.000000
     38 C                    -0.234568      -0.000000
     39 H                     0.264760      -0.000000
     40 H                     0.441524       0.000000
     41 C                    -0.782207      -0.000000
     42 H                     0.245035      -0.000000
     43 H                     0.162620      -0.000000
     44 H                     0.176328      -0.000000
     45 H                     0.187160      -0.000000
     46 H                     0.221217       0.000000
  --------------------------------------------------------
  Sum of atomic charges =     0.000000
  Sum of spin   charges =     0.000000

 -----------------------------------------------------------------
                    Cartesian Multipole Moments
 -----------------------------------------------------------------
    Charge (ESU x 10^10)
                 0.0000
    Dipole Moment (Debye)
         X      -0.7048      Y       0.1032      Z       0.0919
       Tot       0.7182
    Quadrupole Moments (Debye-Ang)
        XX   -2040.2342     XY      95.4297     YY    -112.6443
        XZ      73.2347     YZ      13.6602     ZZ    -116.6430
    Octopole Moments (Debye-Ang^2)
       XXX ************    XXY   60593.5593    XYY -155832.8805
       YYY  -23471.8096    XXZ   20011.5137    XYZ   15276.7719
       YYZ   -8056.8424    XZZ -162196.4229    YZZ   -7072.0773
       ZZZ  -27823.7292
    Hexadecapole Moments (Debye-Ang^3)
      XXXX ************   XXXY ************   XXYY ************
      XYYY ************   YYYY ************   XXXZ ************
      XXYZ ************   XYYZ ************   YYYZ ************
      XXZZ ************   XYZZ ************   YYZZ ************
      XZZZ ************   YZZZ ************   ZZZZ ************
 -----------------------------------------------------------------
 Calculating analytic gradient of the SCF energy
 D3 gradient step size = 0.001890 bohr
 ---------------------------------------------------
 D3 Gradient (a.u.)
  Atom         X              Y              Z     
 ---------------------------------------------------
    1    -10.5618212      6.5937653      4.5799040
    2      6.6110962     -1.2188328     -7.3912319
    3     -8.1510835      7.1426744     -0.5504955
    4      9.5553298     -5.2567558     -5.7000785
    5     -0.4262488     10.1423058     -3.4142770
    6      7.5309621     -8.7872412      5.2660889
    7      2.9188541     -7.5088929     -4.6583918
    8     -7.1663478      6.2013742      9.0630018
    9     -5.9054077     -0.4680573      5.2721469
   10     -1.5665169      6.1226446      3.5076162
   11     -2.2027898      0.5908785      0.9147946
   12      0.5224980     -0.8633468      1.9237762
   13     -0.9482199     -1.2554502     -0.6091132
   14      2.6499660      6.7659737      0.4912216
   15      0.0766863      1.8471055      1.9620678
   16     -1.6256844      1.6556636     -0.8574734
   17      6.1598320      2.2006828      0.4439796
   18      1.5372783      1.9387623      0.9211006
   19      0.4079974      2.0922425     -1.4472837
   20     -0.7790929      1.4561522     -5.3527284
   21      1.1594781     -0.8285302      2.4799029
   22      2.3424646      0.5175573     -0.5840942
   23     -0.0967585     -2.7136930      4.3832885
   24      0.2767897      0.9401185     -2.3588554
   25     -1.5793095      0.7408305     -1.1270778
   26     -5.3234350     -2.6903673      2.1996067
   27     -0.8669224     -0.4374690      2.0739726
   28      2.0770848     -1.0692333      1.2936317
   29     -3.3117566     -0.8598780     -2.2171297
   30     -2.4220928     -0.6070681      0.3813763
   31      0.0515291     -1.8798823      1.7258017
   32     -1.5995995     -7.4114861      1.9376447
   33      0.8708163      1.1569242     -1.1233443
   34     -1.9629607     -0.3496218     -1.7172575
   35      5.1223410     -1.3581845      1.8608654
   36     -1.1443264     -2.4483527     -0.3079290
   37      1.1333120     -1.0745669      1.8760277
   38      2.6935852     -6.0218870     -3.1141738
   39      1.8363004     -1.3974176      0.9626916
   40      1.8391823      1.3862589      0.2361893
   41     -1.1399812      0.2239034     -7.8939607
   42     -0.5783046     -2.6813996     -0.7434462
   43      2.4779696     -0.6974352     -0.7919820
   44      1.1652617      0.2929434     -1.5315288
   45     -0.7958066      1.1395725     -0.6016309
   46     -0.8621486     -1.2632846     -1.6632136
 ---------------------------------------------------
 Gradient of SCF Energy
            1           2           3           4           5           6
    1   0.0468959  -0.0468197   0.0641431  -0.0641758   0.0282888  -0.0284209
    2  -0.0221569   0.0220740  -0.0451609   0.0450489  -0.0636487   0.0636435
    3  -0.0314280   0.0315071  -0.0192504   0.0193741   0.0292012  -0.0292229
            7           8           9          10          11          12
    1  -0.0360254   0.0360796   0.0850088  -0.0197344   0.0095151  -0.0378455
    2   0.0463001  -0.0462803  -0.0323671   0.0391099  -0.0040970   0.0139586
    3   0.0484203  -0.0484681   0.0116688  -0.0232245   0.0096114   0.0231754
           13          14          15          16          17          18
    1  -0.0257754   0.0166947   0.0070514   0.0040012  -0.0242870   0.0057190
    2  -0.0178631   0.0156691  -0.0017774   0.0206420   0.0884764  -0.0326822
    3  -0.0376296   0.0139806  -0.0092260  -0.0070123  -0.0900429   0.0274145
           19          20          21          22          23          24
    1  -0.0368475  -0.0453118   0.0146523  -0.0153712  -0.0778956   0.0451126
    2  -0.0138568   0.0799120  -0.0607278   0.0016631  -0.0628950  -0.0495702
    3  -0.0258306   0.0222345   0.1056655  -0.0024716  -0.0534088  -0.0258311
           25          26          27          28          29          30
    1   0.0213500   0.0325701   0.0091680   0.0385844   0.0075177   0.0185343
    2  -0.0190022  -0.0422065   0.0165903  -0.0115415   0.0313983   0.0169533
    3   0.0610244   0.0271939  -0.0346062   0.0014072  -0.0400057  -0.0115052
           31          32          33          34          35          36
    1  -0.0086463   0.0982718  -0.0194557  -0.0176947  -0.0309124  -0.0027122
    2   0.0106245   0.0486099  -0.0028969   0.0106304  -0.0691863   0.0033754
    3   0.0129739   0.0337279   0.0173548  -0.0012261   0.0479063   0.0048610
           37          38          39          40          41          42
    1  -0.0432114   0.0722282  -0.0322116  -0.0124856  -0.0234224  -0.0029338
    2  -0.0166317   0.0049090   0.0080349   0.0337439   0.0827767  -0.0405267
    3   0.0091474  -0.0347328  -0.0166521  -0.0059821  -0.0634326   0.0316597
           43          44          45          46
    1   0.0076304  -0.0430051   0.0166430   0.0095410
    2  -0.0259799  -0.0150736  -0.0522170   0.0442017
    3  -0.0060954   0.0374586  -0.0366170   0.0269333
 Max gradient component =       1.057E-01
 RMS gradient           =       3.783E-02
 Gradient time:  CPU 1563.63 s  wall 32.16 s
 Total job time:  3701.77s(wall), 433592.51s(cpu) 
 Tue Oct  6 11:26:58 2026

        *************************************************************
        *                                                           *
        *  Thank you very much for using Q-Chem.  Have a nice day.  *
        *                                                           *
        *************************************************************


